   2: L   3 SANDBOX_COUNT 1
   0:       ---           Code: complex_func
   2: L   4 SANDBOX_COUNT 1
   4: L   4 SANDBOX_COUNT 1
  18: L   5 SANDBOX_COUNT 1
  20: L   5 SANDBOX_COUNT 1
  34: L   6 SANDBOX_COUNT 1
  36: L   6 SANDBOX_COUNT 1
  48: L   8 SANDBOX_COUNT 1
  50: L   8 SANDBOX_COUNT 1
  62: L   9 SANDBOX_COUNT 1
  64: L   9 SANDBOX_COUNT 1
  78: L  10 SANDBOX_COUNT 1
  84: L  11 SANDBOX_COUNT 1
  86: L  11 SANDBOX_COUNT 1
 100: L  11 SANDBOX_COUNT 1
 150: L  12 SANDBOX_COUNT 1
 152: L  12 SANDBOX_COUNT 1
 166: L  13 SANDBOX_COUNT 1
 172: L  15 SANDBOX_COUNT 1