   2: L   3 SANDBOX_COUNT 1
   0:       ---           Code: Base
  10: L   4 SANDBOX_COUNT 1
   0:       ---           Code: method
   2: L   5 SANDBOX_COUNT 1
  14: L   3 SANDBOX_COUNT 1
  32: L   7 SANDBOX_COUNT 1
   0:       ---           Code: Derived
  10: L   8 SANDBOX_COUNT 1
   0:       ---           Code: __init__
   2: L   9 SANDBOX_COUNT 1
   6: L   9 SANDBOX_COUNT 1
  18: L  11 SANDBOX_COUNT 1
   0:       ---           Code: compute
   2: L  12 SANDBOX_COUNT 1
   4: L  12 SANDBOX_COUNT 1
   6: L  12 SANDBOX_COUNT 1
  44: L   7 SANDBOX_COUNT 1
  64: L  14 SANDBOX_COUNT 1
  66: L  14 SANDBOX_COUNT 1
  88: L  15 SANDBOX_COUNT 1
  90: L  15 SANDBOX_COUNT 1